// Jest Snapshot v1, https://goo.gl/fbAQLP

exports[`mediaQuery / mq with valid breakpoints snapshot test 1`] = `
.c0 {
  background-color: white;
  font-size: initial;
}

@media only screen and (min-width:576px) {
  .c0 {
    font-size: 94%;
    background-color: blue;
  }
}

@media only screen and (min-width:768px) and (max-width:1024px) {
  .c0 {
    font-size: 96%;
    background-color: green;
  }
}

@media (min-width:1200px) and (max-width:1400px) {
  .c0 {
    font-size: 100%;
    background-color: black;
  }
}

<div
  class="c0"
  data-testid="test-element"
/>
`;
