// Jest Snapshot v1, https://goo.gl/fbAQLP

exports[`Header renders correctly 1`] = `
<div
  className="site-header"
>
  <div
    className="container"
  >
    <div
      className="site-header__logo"
    >
      <a
        className="site-header__title"
        href="/"
      >
        <h1
          className="site-title"
        >
          NELSON
          <span
            className="site-title__sub"
          >
            Toolkit
          </span>
        </h1>
      </a>
      <span
        className="site-header__changelog"
      >
        <span
          className="site-title__pkg"
        >
          0.1.0
        </span>
        <span
          className="site-title__beta"
        >
          BETA
        </span>
      </span>
    </div>
    <nav
      className="primary-navigation"
    >
      <a
        className="primary-navigation__link"
        href="/"
      >
        Home
      </a>
      <a
        className="primary-navigation__link"
        href="/design"
      >
        Design
      </a>
      <a
        className="primary-navigation__link"
        href="/develop"
      >
        Develop
      </a>
      <a
        className="primary-navigation__link"
        href="/contact-us"
      >
        Contact Us
      </a>
    </nav>
  </div>
</div>
`;
