// Jest Snapshot v1, https://goo.gl/fbAQLP

exports[`Masthead renders correctly 1`] = `
<section
  className=" masthead"
>
  <div
    className="container"
  >
    <div
      className="masthead__content"
    />
  </div>
</section>
`;
