// Jest Snapshot v1, https://goo.gl/fbAQLP

exports[`Grid Container renders correctly 1`] = `
<div
  className="grid-container "
>
  <div>
    Content goes here
  </div>
</div>
`;
