// Jest Snapshot v1, https://goo.gl/fbAQLP

exports[`Primary Naviation renders correctly 1`] = `
<nav
  className="primary-navigation"
>
  <a
    className="primary-navigation__link"
    href="/"
  >
    Home
  </a>
  <a
    className="primary-navigation__link"
    href="/design"
  >
    Design
  </a>
  <a
    className="primary-navigation__link"
    href="/develop"
  >
    Develop
  </a>
  <a
    className="primary-navigation__link"
    href="/contact-us"
  >
    Contact Us
  </a>
</nav>
`;
