// Jest Snapshot v1, https://goo.gl/fbAQLP

exports[`Note Block renders correctly 1`] = `
<section
  className="note-block null"
>
  Content goes here
</section>
`;
